// Jest Snapshot v1, https://goo.gl/fbAQLP

exports[`<RegisterCardForm /> should render RegisterCardForm component 1`] = `
.c1 {
  font-size: 23px;
  font-weight: 500;
}

.c0 {
  text-align: center;
}

.c2 {
  margin: 20px auto;
  max-width: 500px;
}

.c2 input {
  margin-top: 10px;
  padding: 5px 7px;
  border: 1px solid #e5e5e5;
  border-radius: 3px;
  -webkit-appearance: none;
}

.c2 button {
  margin-top: 10px;
  width: 100%;
  padding: 10px;
}

<div
  className="c0"
>
  <h1
    className="c1"
  >
    Welcome
  </h1>
  <form
    onSubmit={[Function]}
  >
    <div
      className="c2"
    >
      <input
        name="creditCard"
        onBlur={[Function]}
        onChange={[Function]}
        onFocus={[Function]}
        placeholder="Credit card number"
        style={
          Object {
            "width": "100%",
          }
        }
        type="text"
        value=""
      />
      <div
        style={
          Object {
            "display": "flex",
          }
        }
      >
        <input
          name="cvc"
          onBlur={[Function]}
          onChange={[Function]}
          onFocus={[Function]}
          placeholder="CVC"
          style={
            Object {
              "width": "50%",
            }
          }
          type="password"
          value=""
        />
        <input
          name="expiry"
          onBlur={[Function]}
          onChange={[Function]}
          onFocus={[Function]}
          placeholder="expiry"
          style={
            Object {
              "width": "50%",
            }
          }
          type="text"
          value=""
        />
      </div>
      <button
        disabled={true}
        type="submit"
      >
        Submit
      </button>
    </div>
  </form>
</div>
`;
